\BOOKMARK [1][-]{section.1}{\376\377\133\146\116\140\215\357\176\277\377\032\116\072\116\300\116\110\116\316\127\120\150\007\215\160\124\021\147\116\177\244}{}% 1
\BOOKMARK [1][-]{section.2}{\376\377\000A\377\032\127\120\150\007\174\373\116\016\145\313\217\154\127\372\170\100}{}% 2
\BOOKMARK [2][-]{subsection.2.1}{\376\377\000A\0001\000\040\160\271\060\001\124\021\221\317\116\016\127\120\150\007\210\150\171\072}{section.2}% 3
\BOOKMARK [2][-]{subsection.2.2}{\376\377\000A\0002\000\040\116\073\122\250\145\313\217\154\116\016\210\253\122\250\127\120\150\007\123\330\143\142}{section.2}% 4
\BOOKMARK [2][-]{subsection.2.3}{\376\377\000A\0003\000\040\145\313\217\154\167\351\226\065\116\016\000\040\000S\000O\000\050\0003\000\051}{section.2}% 5
\BOOKMARK [2][-]{subsection.2.4}{\376\377\000A\0004\000\040\127\372\147\054\145\313\217\154\116\016\142\113\173\227}{section.2}% 6
\BOOKMARK [2][-]{subsection.2.5}{\376\377\000A\0005\000\040\145\313\217\154\131\015\124\010\116\016\230\172\136\217}{section.2}% 7
\BOOKMARK [2][-]{subsection.2.6}{\376\377\000A\0006\000\040\166\370\133\371\145\313\217\154}{section.2}% 8
\BOOKMARK [1][-]{section.3}{\376\377\000B\377\032\153\047\142\311\211\322\060\001\217\164\211\322\116\016\126\333\121\103\145\160}{}% 9
\BOOKMARK [2][-]{subsection.3.1}{\376\377\000B\0001\000\040\153\047\142\311\211\322\116\072\117\125\137\305\230\173\213\364\146\016\230\172\136\217}{section.3}% 10
\BOOKMARK [2][-]{subsection.3.2}{\376\377\000B\0002\000\040\000G\000i\000m\000b\000a\000l\000\040\000l\000o\000c\000k\377\032\123\302\145\160\131\107\137\002\377\014\116\015\146\057\162\151\117\123\131\061\123\273\201\352\165\061\136\246}{section.3}% 11
\BOOKMARK [2][-]{subsection.3.3}{\376\377\000B\0003\000\040\217\164\211\322\116\016\000\040\000R\000o\000d\000r\000i\000g\000u\000e\000s\000\040\121\154\137\017}{section.3}% 12
\BOOKMARK [2][-]{subsection.3.4}{\376\377\000B\0004\000\040\123\315\133\371\171\360\167\351\226\065\116\016\123\311\116\130}{section.3}% 13
\BOOKMARK [2][-]{subsection.3.5}{\376\377\000B\0005\000\040\126\333\121\103\145\160\116\316\124\352\221\314\147\145}{section.3}% 14
\BOOKMARK [2][-]{subsection.3.6}{\376\377\000B\0006\000\040\123\314\211\206\166\326}{section.3}% 15
\BOOKMARK [2][-]{subsection.3.7}{\376\377\000B\0007\000\040\000H\000a\000m\000i\000l\000t\000o\000n\000\040\116\130\171\357}{section.3}% 16
\BOOKMARK [2][-]{subsection.3.8}{\376\377\000B\0008\000\040\126\333\171\315\210\150\171\072\166\204\220\011\142\351}{section.3}% 17
\BOOKMARK [1][-]{section.4}{\376\377\000C\377\032\116\316\145\313\217\154\122\060\122\032\117\123\117\115\131\377}{}% 18
\BOOKMARK [2][-]{subsection.4.1}{\376\377\000C\0001\000\040\116\072\116\300\116\110\227\000\211\201\000\040\000S\000E\000\050\0003\000\051}{section.4}% 19
\BOOKMARK [2][-]{subsection.4.2}{\376\377\000C\0002\000\040\237\120\153\041\127\120\150\007}{section.4}% 20
\BOOKMARK [2][-]{subsection.4.3}{\376\377\000C\0003\000\040\117\115\131\377\142\113\173\227}{section.4}% 21
\BOOKMARK [2][-]{subsection.4.4}{\376\377\000C\0004\000\040\237\120\153\041\123\330\143\142\166\204\220\006}{section.4}% 22
\BOOKMARK [2][-]{subsection.4.5}{\376\377\000C\0005\000\040\123\330\143\142\224\376\116\016\000\040\000T\000F}{section.4}% 23
\BOOKMARK [2][-]{subsection.4.6}{\376\377\000C\0006\000\040\116\072\116\300\116\110\116\015\200\375\220\020\121\103\175\040\136\163\127\107}{section.4}% 24
\BOOKMARK [1][-]{section.5}{\376\377\000D\377\032\147\116\177\244\060\001\147\116\116\343\145\160\116\016\000\040\000E\000x\000p\000/\000L\000o\000g}{}% 25
\BOOKMARK [2][-]{subsection.5.1}{\376\377\000D\0001\000\040\177\244\166\204\126\333\147\141\121\154\164\006\116\016\147\116\177\244}{section.5}% 26
\BOOKMARK [2][-]{subsection.5.2}{\376\377\000D\0002\000\040\000s\000o\000\050\0003\000\051\000\040\116\016\000\040\000h\000a\000t\000/\000v\000e\000e}{section.5}% 27
\BOOKMARK [2][-]{subsection.5.3}{\376\377\000D\0003\000\040\116\316\167\351\226\065\143\007\145\160\122\060\000\040\000R\000o\000d\000r\000i\000g\000u\000e\000s}{section.5}% 28
\BOOKMARK [2][-]{subsection.5.4}{\376\377\000D\0004\000\040\116\316\000\040\000t\000r\000a\000c\000e\000\040\143\250\133\374\145\313\217\154\211\322\116\016\000\040\000L\000o\000g}{section.5}% 29
\BOOKMARK [2][-]{subsection.5.5}{\376\377\000D\0005\000\040\000s\000e\000\050\0003\000\051\000\040\116\016\122\032\117\123\000\040\000t\000w\000i\000s\000t}{section.5}% 30
\BOOKMARK [2][-]{subsection.5.6}{\376\377\000D\0006\000\040\000S\000E\000\050\0003\000\051\000\040\166\204\143\007\145\160\116\016\133\371\145\160}{section.5}% 31
\BOOKMARK [2][-]{subsection.5.7}{\376\377\000D\0007\000\040\117\115\131\377\213\357\135\356}{section.5}% 32
\BOOKMARK [2][-]{subsection.5.8}{\376\377\000D\0008\000\040\136\070\211\301\213\357\123\072}{section.5}% 33
\BOOKMARK [1][-]{section.6}{\376\377\000E\377\032\000N\000u\000m\000P\000y\000\040\133\236\163\260\116\016\133\236\232\214\140\035\215\357}{}% 34
\BOOKMARK [2][-]{subsection.6.1}{\376\377\000E\0001\000\040\000S\000O\000\050\0003\000\051\000\040\127\372\170\100\135\345\121\167}{section.6}% 35
\BOOKMARK [2][-]{subsection.6.2}{\376\377\000E\0002\000\040\145\313\217\154\210\150\171\072\217\154\143\142}{section.6}% 36
\BOOKMARK [2][-]{subsection.6.3}{\376\377\000E\0003\000\040\000S\000E\000\050\0003\000\051\000\040\123\330\143\142\136\223}{section.6}% 37
\BOOKMARK [2][-]{subsection.6.4}{\376\377\000E\0004\000\040\000e\000x\000p\000/\000l\000o\000g\000\040\133\236\232\214}{section.6}% 38
\BOOKMARK [2][-]{subsection.6.5}{\376\377\000E\0005\000\040\127\120\150\007\174\373\123\357\211\306\123\026}{section.6}% 39
\BOOKMARK [1][-]{section.7}{\376\377\220\020\230\230\213\346\176\306\143\250\133\374\210\145\121\105}{}% 40
\BOOKMARK [2][-]{subsection.7.1}{\376\377\116\072\116\300\116\110\123\315\133\371\171\360\167\351\226\065\143\317\217\360\040\034\167\254\145\366\145\313\217\154\040\035}{section.7}% 41
\BOOKMARK [2][-]{subsection.7.2}{\376\377\167\351\226\065\143\007\145\160\116\072\117\125\117\032\123\330\142\020\000\040\000R\000o\000d\000r\000i\000g\000u\000e\000s\000\040\121\154\137\017}{section.7}% 42
\BOOKMARK [2][-]{subsection.7.3}{\376\377\000t\000r\000a\000c\000e\000\040\121\154\137\017\124\214\000\040\000L\000o\000g\000\040\121\154\137\017\166\204\133\214\145\164\147\145\123\206}{section.7}% 43
\BOOKMARK [2][-]{subsection.7.4}{\376\377\116\316\000\040\000t\000w\000i\000s\000t\000\040\122\060\000\040\000S\000E\000\050\0003\000\051\000\040\143\007\145\160\377\032\116\072\116\300\116\110\121\372\163\260\000\040\000V}{section.7}% 44
\BOOKMARK [2][-]{subsection.7.5}{\376\377\000L\000o\000g\000\040\166\204\134\100\220\350\140\047\060\001\122\006\145\057\116\016\040\034\116\015\146\057\154\070\217\334\166\204\220\006\040\035}{section.7}% 45
\BOOKMARK [2][-]{subsection.7.6}{\376\377\177\244\121\154\164\006\127\050\167\351\226\065\116\012\166\204\220\020\147\141\232\214\213\301}{section.7}% 46
\BOOKMARK [2][-]{subsection.7.7}{\376\377\116\072\116\300\116\110\117\115\131\377\213\357\135\356\211\201\121\110\166\370\226\144\121\215\123\326\000\040\000L\000o\000g}{section.7}% 47
\BOOKMARK [2][-]{subsection.7.8}{\376\377\000E\000\040\220\350\122\006\116\343\170\001\116\072\116\300\116\110\137\305\230\173\120\132\217\271\165\114\150\300\147\345}{section.7}% 48
\BOOKMARK [1][-]{section.8}{\376\377\116\000\230\165\140\073\176\323\116\016\131\015\116\140\150\300\147\345}{}% 49
